[2026-08-20 11:28:54] [SUCCESS] Server is running on port 3000
[2026-08-20 11:29:08] [SUCCESS] Server is running on port 3000
[2026-08-21 14:35:26] [SUCCESS] Server is running on port 3000
[2026-08-21 14:37:07] [SUCCESS] Server is running on port 3000
[2026-08-21 14:37:13] [SUCCESS] Server is running on port 3000
[2026-08-21 14:37:29] [SUCCESS] Server is running on port 3000
[2026-08-21 14:37:34] [SUCCESS] Server is running on port 3000
[2026-08-21 14:37:37] [SUCCESS] Server is running on port 3000
[2026-08-21 14:38:18] [SUCCESS] Server is running on port 3000
[2026-08-21 14:38:20] [SUCCESS] Server is running on port 3000
[2026-08-21 14:38:23] [SUCCESS] Server is running on port 3000
[2026-08-21 14:38:28] [SUCCESS] Server is running on port 3000
[2026-08-21 14:38:37] [SUCCESS] Server is running on port 3000
[2026-08-21 14:38:41] [SUCCESS] Server is running on port 3000
[2026-08-21 14:39:10] [SUCCESS] Server is running on port 3000
[2026-08-21 14:40:29] [SUCCESS] Server is running on port 3000
[2026-08-21 14:40:32] [SUCCESS] Server is running on port 3000
[2026-08-21 14:40:34] [SUCCESS] Server is running on port 3000
[2026-08-21 14:41:17] [SUCCESS] Server is running on port 3000
[2026-08-21 14:41:23] [SUCCESS] Server is running on port 3000
[2026-08-21 14:41:26] [SUCCESS] Server is running on port 3000
[2026-08-21 14:41:27] [SUCCESS] Server is running on port 3000
[2026-08-21 14:41:29] [SUCCESS] Server is running on port 3000
[2026-08-21 14:41:33] [SUCCESS] Server is running on port 3000
[2026-08-21 14:41:36] [SUCCESS] Server is running on port 3000
[2026-08-21 14:41:53] [SUCCESS] Server is running on port 3000
[2026-08-21 14:41:55] [SUCCESS] Server is running on port 3000
[2026-08-21 14:41:57] [SUCCESS] Server is running on port 3000
[2026-08-21 14:44:39] [SUCCESS] Server is running on port 3000
[2026-08-21 15:01:54] [SUCCESS] Server is running on port 3000
[2026-08-25 13:49:59] [SUCCESS] Server is running on port 3000
[2026-08-25 13:56:52] [SUCCESS] Server is running on port 3000
[2026-08-25 13:56:54] [SUCCESS] Server is running on port 3000
[2026-08-25 13:57:08] [SUCCESS] Server is running on port 3000
[2026-08-25 13:57:20] [SUCCESS] Server is running on port 3000
[2026-08-25 13:57:34] [SUCCESS] Server is running on port 3000
[2026-08-25 13:57:51] [SUCCESS] Server is running on port 3000
[2026-08-25 13:59:36] [SUCCESS] Server is running on port 3000
[2026-08-25 14:13:44] [SUCCESS] Server is running on port 3000
[2026-08-25 14:13:47] [SUCCESS] Server is running on port 3000
[2026-08-25 14:13:49] [SUCCESS] Server is running on port 3000
[2026-08-25 14:13:51] [SUCCESS] Server is running on port 3000
[2026-08-25 14:13:53] [SUCCESS] Server is running on port 3000
[2026-08-25 14:16:30] [SUCCESS] Server is running on port 3000
[2026-08-25 14:16:35] [SUCCESS] Server is running on port 3000
[2026-08-25 14:16:42] [SUCCESS] Server is running on port 3000
[2026-08-25 14:16:45] [SUCCESS] Server is running on port 3000
[2026-08-25 14:16:49] [SUCCESS] Server is running on port 3000
[2026-08-25 14:16:53] [SUCCESS] Server is running on port 3000
[2026-08-25 14:16:58] [SUCCESS] Server is running on port 3000
[2026-08-25 14:17:02] [SUCCESS] Server is running on port 3000
[2026-08-25 14:22:07] [SUCCESS] Server is running on port 3000
[2026-08-25 14:22:16] [SUCCESS] Server is running on port 3000
[2026-08-25 14:23:44] [SUCCESS] Server is running on port 3000
[2026-08-26 13:22:26] [SUCCESS] Server is running on port 3000
[2026-08-26 13:26:09] [SUCCESS] Server is running on port 3000
[2026-08-26 13:29:28] [SUCCESS] Server is running on port 3000
[2026-08-26 13:38:09] [SUCCESS] Server is running on port 3000
[2026-08-26 13:38:16] [SUCCESS] Server is running on port 3000
[2026-08-26 13:38:27] [SUCCESS] Server is running on port 3000
[2026-08-26 13:38:35] [SUCCESS] Server is running on port 3000
[2026-08-26 13:38:46] [SUCCESS] Server is running on port 3000
[2026-08-26 13:38:52] [SUCCESS] Server is running on port 3000
[2026-08-26 13:39:43] [SUCCESS] Server is running on port 3000
[2026-08-26 13:39:50] [SUCCESS] Server is running on port 3000
[2026-08-26 13:39:53] [SUCCESS] Server is running on port 3000
[2026-08-26 13:39:55] [SUCCESS] Server is running on port 3000
[2026-08-26 13:39:58] [SUCCESS] Server is running on port 3000
[2026-08-26 13:40:01] [SUCCESS] Server is running on port 3000
[2026-08-26 13:40:05] [SUCCESS] Server is running on port 3000
[2026-08-26 13:40:11] [SUCCESS] Server is running on port 3000
[2026-08-26 13:40:17] [SUCCESS] Server is running on port 3000
[2026-08-26 13:40:27] [SUCCESS] Server is running on port 3000
[2026-08-26 13:40:47] [SUCCESS] Server is running on port 3000
[2026-08-26 13:45:39] [SUCCESS] Server is running on port 3000
[2026-08-26 13:45:56] [SUCCESS] Server is running on port 3000
[2026-08-26 13:46:01] [SUCCESS] Server is running on port 3000
[2026-08-26 13:46:09] [SUCCESS] Server is running on port 3000
[2026-08-26 13:47:07] [ERROR] Unhandled error | {"method":"GET","url":"/api/admins","errorMessage":"users is not defined","stack":"ReferenceError: users is not defined\n    at AdminsController.index (D:\\new folder of old comp\\node\\Blog App\\app\\Http\\Controllers\\Admin\\AdminsController.js:10:23)\n    at Layer.handleRequest (D:\\new folder of old comp\\node\\Blog App\\node_modules\\router\\lib\\layer.js:152:17)\n    at next (D:\\new folder of old comp\\node\\Blog App\\node_modules\\router\\lib\\route.js:157:13)\n    at D:\\new folder of old comp\\node\\Blog App\\app\\Http\\Middleware\\authorize.js:24:9\n    at Layer.handleRequest (D:\\new folder of old comp\\node\\Blog App\\node_modules\\router\\lib\\layer.js:152:17)\n    at next (D:\\new folder of old comp\\node\\Blog App\\node_modules\\router\\lib\\route.js:157:13)\n    at D:\\new folder of old comp\\node\\Blog App\\app\\Http\\Middleware\\verifyJWT.js:15:13\n    at D:\\new folder of old comp\\node\\Blog App\\node_modules\\jsonwebtoken\\verify.js:261:12\n    at getSecret (D:\\new folder of old comp\\node\\Blog App\\node_modules\\jsonwebtoken\\verify.js:97:14)\n    at module.exports [as verify] (D:\\new folder of old comp\\node\\Blog App\\node_modules\\jsonwebtoken\\verify.js:101:10)"}
[2026-08-26 13:47:22] [SUCCESS] Server is running on port 3000
[2026-08-26 13:47:40] [SUCCESS] Server is running on port 3000
[2026-08-26 13:49:32] [SUCCESS] Server is running on port 3000
[2026-08-26 13:50:09] [SUCCESS] Server is running on port 3000
[2026-08-26 13:50:38] [SUCCESS] Server is running on port 3000
[2026-08-26 13:51:16] [SUCCESS] Server is running on port 3000
[2026-08-26 13:51:18] [SUCCESS] Server is running on port 3000
[2026-08-26 13:52:02] [SUCCESS] Server is running on port 3000
[2026-08-26 13:52:07] [SUCCESS] Server is running on port 3000
[2026-08-26 13:52:10] [SUCCESS] Server is running on port 3000
[2026-08-26 13:52:44] [SUCCESS] Server is running on port 3000
[2026-08-27 13:24:38] [SUCCESS] Server is running on port 3000
[2026-08-27 13:25:26] [SUCCESS] Server is running on port 3000
[2026-08-27 13:25:41] [SUCCESS] Server is running on port 3000
[2026-08-27 13:25:53] [SUCCESS] Server is running on port 3000
[2026-08-27 13:25:56] [SUCCESS] Server is running on port 3000
[2026-08-27 13:26:10] [SUCCESS] Server is running on port 3000
[2026-08-27 13:26:14] [SUCCESS] Server is running on port 3000
[2026-08-27 13:27:37] [SUCCESS] Server is running on port 3000
[2026-08-27 13:27:59] [SUCCESS] Server is running on port 3000
[2026-08-27 13:28:32] [SUCCESS] Server is running on port 3000
[2026-08-27 13:28:40] [SUCCESS] Server is running on port 3000
[2026-08-27 13:28:41] [SUCCESS] Server is running on port 3000
[2026-08-27 13:28:44] [SUCCESS] Server is running on port 3000
[2026-08-27 13:28:48] [SUCCESS] Server is running on port 3000
[2026-08-27 13:28:57] [SUCCESS] Server is running on port 3000
[2026-08-27 13:29:08] [SUCCESS] Server is running on port 3000
[2026-08-27 13:31:20] [SUCCESS] Server is running on port 3000
[2026-08-27 13:31:28] [SUCCESS] Server is running on port 3000
[2026-08-27 13:38:01] [ERROR] 404 Not Found | {"method":"POST","url":"/api/admins","errorMessage":"Not Found: POST /api/admins","stack":"Error: Not Found: POST /api/admins\n    at notFoundMiddleware (D:\\new folder of old comp\\node\\Blog App\\app\\Http\\Middleware\\notFoundMiddleware.js:4:17)\n    at Layer.handleRequest (D:\\new folder of old comp\\node\\Blog App\\node_modules\\router\\lib\\layer.js:152:17)\n    at trimPrefix (D:\\new folder of old comp\\node\\Blog App\\node_modules\\router\\index.js:342:13)\n    at D:\\new folder of old comp\\node\\Blog App\\node_modules\\router\\index.js:297:9\n    at processParams (D:\\new folder of old comp\\node\\Blog App\\node_modules\\router\\index.js:582:12)\n    at next (D:\\new folder of old comp\\node\\Blog App\\node_modules\\router\\index.js:291:5)\n    at D:\\new folder of old comp\\node\\Blog App\\node_modules\\router\\index.js:688:15\n    at next (D:\\new folder of old comp\\node\\Blog App\\node_modules\\router\\index.js:276:14)\n    at Function.handle (D:\\new folder of old comp\\node\\Blog App\\node_modules\\router\\index.js:186:3)\n    at router (D:\\new folder of old comp\\node\\Blog App\\node_modules\\router\\index.js:60:12)"}
[2026-08-27 13:38:01] [ERROR] Unhandled error | {"method":"POST","url":"/api/admins","errorMessage":"Not Found: POST /api/admins","stack":"Error: Not Found: POST /api/admins\n    at notFoundMiddleware (D:\\new folder of old comp\\node\\Blog App\\app\\Http\\Middleware\\notFoundMiddleware.js:4:17)\n    at Layer.handleRequest (D:\\new folder of old comp\\node\\Blog App\\node_modules\\router\\lib\\layer.js:152:17)\n    at trimPrefix (D:\\new folder of old comp\\node\\Blog App\\node_modules\\router\\index.js:342:13)\n    at D:\\new folder of old comp\\node\\Blog App\\node_modules\\router\\index.js:297:9\n    at processParams (D:\\new folder of old comp\\node\\Blog App\\node_modules\\router\\index.js:582:12)\n    at next (D:\\new folder of old comp\\node\\Blog App\\node_modules\\router\\index.js:291:5)\n    at D:\\new folder of old comp\\node\\Blog App\\node_modules\\router\\index.js:688:15\n    at next (D:\\new folder of old comp\\node\\Blog App\\node_modules\\router\\index.js:276:14)\n    at Function.handle (D:\\new folder of old comp\\node\\Blog App\\node_modules\\router\\index.js:186:3)\n    at router (D:\\new folder of old comp\\node\\Blog App\\node_modules\\router\\index.js:60:12)"}
[2026-08-27 13:39:01] [SUCCESS] Server is running on port 3000
[2026-08-27 13:39:08] [SUCCESS] Server is running on port 3000
[2026-08-27 13:40:18] [SUCCESS] Server is running on port 3000
[2026-08-27 13:41:29] [SUCCESS] Server is running on port 3000
[2026-08-27 13:41:39] [SUCCESS] Server is running on port 3000
[2026-08-27 13:41:41] [SUCCESS] Server is running on port 3000
[2026-08-27 13:42:33] [SUCCESS] Server is running on port 3000
[2026-08-27 13:43:09] [SUCCESS] Server is running on port 3000
[2026-08-27 13:43:32] [SUCCESS] Server is running on port 3000
[2026-08-27 13:43:33] [SUCCESS] Server is running on port 3000
[2026-08-27 13:43:50] [SUCCESS] Server is running on port 3000
[2026-08-27 13:43:53] [SUCCESS] Server is running on port 3000
[2026-08-27 13:43:58] [SUCCESS] Server is running on port 3000
[2026-08-27 13:45:11] [SUCCESS] Server is running on port 3000
[2026-08-27 13:45:20] [SUCCESS] Server is running on port 3000
[2026-08-27 13:48:45] [SUCCESS] Server is running on port 3000
[2026-08-27 13:48:52] [SUCCESS] Server is running on port 3000
[2026-08-27 13:48:54] [SUCCESS] Server is running on port 3000
[2026-08-27 13:48:59] [ERROR] 404 Not Found | {"method":"POST","url":"/api/admins","errorMessage":"Not Found: POST /api/admins","stack":"Error: Not Found: POST /api/admins\n    at notFoundMiddleware (D:\\new folder of old comp\\node\\Blog App\\app\\Http\\Middleware\\notFoundMiddleware.js:4:17)\n    at Layer.handleRequest (D:\\new folder of old comp\\node\\Blog App\\node_modules\\router\\lib\\layer.js:152:17)\n    at trimPrefix (D:\\new folder of old comp\\node\\Blog App\\node_modules\\router\\index.js:342:13)\n    at D:\\new folder of old comp\\node\\Blog App\\node_modules\\router\\index.js:297:9\n    at processParams (D:\\new folder of old comp\\node\\Blog App\\node_modules\\router\\index.js:582:12)\n    at next (D:\\new folder of old comp\\node\\Blog App\\node_modules\\router\\index.js:291:5)\n    at D:\\new folder of old comp\\node\\Blog App\\node_modules\\router\\index.js:688:15\n    at next (D:\\new folder of old comp\\node\\Blog App\\node_modules\\router\\index.js:276:14)\n    at Function.handle (D:\\new folder of old comp\\node\\Blog App\\node_modules\\router\\index.js:186:3)\n    at router (D:\\new folder of old comp\\node\\Blog App\\node_modules\\router\\index.js:60:12)"}
[2026-08-27 13:48:59] [ERROR] Unhandled error | {"method":"POST","url":"/api/admins","errorMessage":"Not Found: POST /api/admins","stack":"Error: Not Found: POST /api/admins\n    at notFoundMiddleware (D:\\new folder of old comp\\node\\Blog App\\app\\Http\\Middleware\\notFoundMiddleware.js:4:17)\n    at Layer.handleRequest (D:\\new folder of old comp\\node\\Blog App\\node_modules\\router\\lib\\layer.js:152:17)\n    at trimPrefix (D:\\new folder of old comp\\node\\Blog App\\node_modules\\router\\index.js:342:13)\n    at D:\\new folder of old comp\\node\\Blog App\\node_modules\\router\\index.js:297:9\n    at processParams (D:\\new folder of old comp\\node\\Blog App\\node_modules\\router\\index.js:582:12)\n    at next (D:\\new folder of old comp\\node\\Blog App\\node_modules\\router\\index.js:291:5)\n    at D:\\new folder of old comp\\node\\Blog App\\node_modules\\router\\index.js:688:15\n    at next (D:\\new folder of old comp\\node\\Blog App\\node_modules\\router\\index.js:276:14)\n    at Function.handle (D:\\new folder of old comp\\node\\Blog App\\node_modules\\router\\index.js:186:3)\n    at router (D:\\new folder of old comp\\node\\Blog App\\node_modules\\router\\index.js:60:12)"}
[2026-08-27 13:49:00] [ERROR] 404 Not Found | {"method":"POST","url":"/api/admins","errorMessage":"Not Found: POST /api/admins","stack":"Error: Not Found: POST /api/admins\n    at notFoundMiddleware (D:\\new folder of old comp\\node\\Blog App\\app\\Http\\Middleware\\notFoundMiddleware.js:4:17)\n    at Layer.handleRequest (D:\\new folder of old comp\\node\\Blog App\\node_modules\\router\\lib\\layer.js:152:17)\n    at trimPrefix (D:\\new folder of old comp\\node\\Blog App\\node_modules\\router\\index.js:342:13)\n    at D:\\new folder of old comp\\node\\Blog App\\node_modules\\router\\index.js:297:9\n    at processParams (D:\\new folder of old comp\\node\\Blog App\\node_modules\\router\\index.js:582:12)\n    at next (D:\\new folder of old comp\\node\\Blog App\\node_modules\\router\\index.js:291:5)\n    at D:\\new folder of old comp\\node\\Blog App\\node_modules\\router\\index.js:688:15\n    at next (D:\\new folder of old comp\\node\\Blog App\\node_modules\\router\\index.js:276:14)\n    at Function.handle (D:\\new folder of old comp\\node\\Blog App\\node_modules\\router\\index.js:186:3)\n    at router (D:\\new folder of old comp\\node\\Blog App\\node_modules\\router\\index.js:60:12)"}
[2026-08-27 13:49:00] [ERROR] Unhandled error | {"method":"POST","url":"/api/admins","errorMessage":"Not Found: POST /api/admins","stack":"Error: Not Found: POST /api/admins\n    at notFoundMiddleware (D:\\new folder of old comp\\node\\Blog App\\app\\Http\\Middleware\\notFoundMiddleware.js:4:17)\n    at Layer.handleRequest (D:\\new folder of old comp\\node\\Blog App\\node_modules\\router\\lib\\layer.js:152:17)\n    at trimPrefix (D:\\new folder of old comp\\node\\Blog App\\node_modules\\router\\index.js:342:13)\n    at D:\\new folder of old comp\\node\\Blog App\\node_modules\\router\\index.js:297:9\n    at processParams (D:\\new folder of old comp\\node\\Blog App\\node_modules\\router\\index.js:582:12)\n    at next (D:\\new folder of old comp\\node\\Blog App\\node_modules\\router\\index.js:291:5)\n    at D:\\new folder of old comp\\node\\Blog App\\node_modules\\router\\index.js:688:15\n    at next (D:\\new folder of old comp\\node\\Blog App\\node_modules\\router\\index.js:276:14)\n    at Function.handle (D:\\new folder of old comp\\node\\Blog App\\node_modules\\router\\index.js:186:3)\n    at router (D:\\new folder of old comp\\node\\Blog App\\node_modules\\router\\index.js:60:12)"}
[2026-08-27 13:50:06] [ERROR] Unhandled error | {"method":"POST","url":"/api/admin","errorMessage":"\nInvalid `tx.user.create()` invocation in\nD:\\new folder of old comp\\node\\Blog App\\app\\Repos\\Admin\\UserRepo.js:62:40\n\n  59     create: { name: roleName }\n  60 });\n  61 \n→ 62 const user = await tx.user.create(\nUnique constraint failed on the fields: (`email`)","stack":"PrismaClientKnownRequestError: \nInvalid `tx.user.create()` invocation in\nD:\\new folder of old comp\\node\\Blog App\\app\\Repos\\Admin\\UserRepo.js:62:40\n\n  59     create: { name: roleName }\n  60 });\n  61 \n→ 62 const user = await tx.user.create(\nUnique constraint failed on the fields: (`email`)\n    at Jr.handleRequestError (D:\\new folder of old comp\\node\\Blog App\\node_modules\\@prisma\\client\\runtime\\client.js:65:8286)\n    at Jr.handleAndLogRequestError (D:\\new folder of old comp\\node\\Blog App\\node_modules\\@prisma\\client\\runtime\\client.js:65:7581)\n    at Jr.request (D:\\new folder of old comp\\node\\Blog App\\node_modules\\@prisma\\client\\runtime\\client.js:65:7288)\n    at process.processTicksAndRejections (node:internal/process/task_queues:105:5)\n    at async a (D:\\new folder of old comp\\node\\Blog App\\node_modules\\@prisma\\client\\runtime\\client.js:99:6862)\n    at async D:\\new folder of old comp\\node\\Blog App\\app\\Repos\\Admin\\UserRepo.js:62:26\n    at async Proxy._transactionWithCallback (D:\\new folder of old comp\\node\\Blog App\\node_modules\\@prisma\\client\\runtime\\client.js:99:4800)\n    at async UserRepo.create (D:\\new folder of old comp\\node\\Blog App\\app\\Repos\\Admin\\UserRepo.js:55:16)\n    at async AdminsController.createAdmin (D:\\new folder of old comp\\node\\Blog App\\app\\Http\\Controllers\\Admin\\AdminsController.js:38:26)"}
[2026-08-27 13:50:55] [SUCCESS] Server is running on port 3000
